// Jest Snapshot v1, https://goo.gl/fbAQLP

exports[`Pruebas en <TodoListItem /> debe de mostrar el componente 1`] = `
<li
  className="list-group-item"
  key="1"
>
  <p
    className="false"
    onClick={[Function]}
  >
    1
    .
    Aprender React
  </p>
  <button
    className="btn btn-danger"
    onClick={[Function]}
  >
    <i
      className="fas fa-trash"
    />
     Borrar
  </button>
</li>
`;
